# Logfile created on 2026-09-10 17:34:12 +0200 by logger.rb/v1.4.3
2026-09-10 17:34:12 +0200: Memory Usage (433076K) : Starting running SG13G2 Klayout LVS runset on /home/designer/shared/LC_VCO_FPLL/gds/LC_VCO_FPLL.gds
2026-09-10 17:34:12 +0200: Memory Usage (433076K) : Ruby Version for klayout: 3.0.2
2026-09-10 17:34:12 +0200: Memory Usage (440064K) : Loading database to memory is complete.
2026-09-10 17:34:12 +0200: Memory Usage (440064K) : SG13G2 Klayout LVS runset output at: /home/designer/shared/LC_VCO_FPLL/lvs/lvs_run_LC_VCO_FPLL/LC_VCO_FPLL.lvsdb
2026-09-10 17:34:12 +0200: Memory Usage (440064K) : Evaluate switches.
2026-09-10 17:34:12 +0200: Memory Usage (440064K) : Extracted netlist with net names: true
2026-09-10 17:34:12 +0200: Memory Usage (440064K) : Extracted netlist with comments in details: false
2026-09-10 17:34:12 +0200: Memory Usage (440064K) : Selected NET_ONLY option: false
2026-09-10 17:34:12 +0200: Memory Usage (440064K) : Selected LAYOUT_NETLIST option: (none)
2026-09-10 17:34:12 +0200: Memory Usage (440064K) : Selected IGNORE_TOP_PORTS_MISMATCH option: 
2026-09-10 17:34:12 +0200: Memory Usage (440064K) : Selected IMPLICIT_NETS option: (none)
2026-09-10 17:34:12 +0200: Memory Usage (440064K) : Selected TOP_LVL_PINS option: false
2026-09-10 17:34:12 +0200: Memory Usage (440064K) : Selected COMBINE DEVICES option: false
2026-09-10 17:34:12 +0200: Memory Usage (440064K) : Selected PURGE option: false
2026-09-10 17:34:12 +0200: Memory Usage (440064K) : Selected PURGE_NETS option: false
2026-09-10 17:34:12 +0200: Memory Usage (440064K) : Selected SIMPLIFY option: true
2026-09-10 17:34:12 +0200: Memory Usage (440064K) : Selected SERIES_RES option: true
2026-09-10 17:34:12 +0200: Memory Usage (440064K) : Selected PARALLEL_RES option: true
2026-09-10 17:34:12 +0200: Memory Usage (440064K) : Selected DISABLE_TAP_EXTRACTION option: false
2026-09-10 17:34:12 +0200: Memory Usage (440064K) : deep  mode is enabled.
2026-09-10 17:34:12 +0200: Memory Usage (441476K) : Netlist file: /home/designer/shared/LC_VCO_FPLL/spice/LC_VCO_FPLL.spice
2026-09-10 17:34:12 +0200: Memory Usage (441476K) : LVS extracted netlist at: /home/designer/shared/LC_VCO_FPLL/lvs/lvs_run_LC_VCO_FPLL/LC_VCO_FPLL_extracted.cir
2026-09-10 17:34:12 +0200: Memory Usage (441476K) : Applying SRAM integration support.
2026-09-10 17:34:12 +0200: Memory Usage (441476K) : Starting SG13G2 LVS runset
2026-09-10 17:34:12 +0200: Memory Usage (441476K) : Read in polygons from layers.
2026-09-10 17:34:12 +0200: Memory Usage (441952K) : activ_drw has 3062 polygons
2026-09-10 17:34:12 +0200: Memory Usage (441952K) : activ_filler has 0 polygons
2026-09-10 17:34:12 +0200: Memory Usage (441952K) : activ has 3062 polygons
2026-09-10 17:34:12 +0200: Memory Usage (441952K) : activ_pin has 0 polygons
2026-09-10 17:34:12 +0200: Memory Usage (441952K) : activ_mask has 0 polygons
2026-09-10 17:34:12 +0200: Memory Usage (441952K) : activ_nofill has 1 polygons
2026-09-10 17:34:12 +0200: Memory Usage (441952K) : activ_OPC has 0 polygons
2026-09-10 17:34:12 +0200: Memory Usage (441952K) : activ_iOPC has 0 polygons
2026-09-10 17:34:12 +0200: Memory Usage (443188K) : activ_noqrc has 1 polygons
2026-09-10 17:34:12 +0200: Memory Usage (443188K) : biwind_drw has 0 polygons
2026-09-10 17:34:12 +0200: Memory Usage (443188K) : biwind_OPC has 0 polygons
2026-09-10 17:34:12 +0200: Memory Usage (443188K) : gatpoly_drw has 3177 polygons
2026-09-10 17:34:12 +0200: Memory Usage (443512K) : gatpoly_filler has 0 polygons
2026-09-10 17:34:12 +0200: Memory Usage (443512K) : gatpoly has 3177 polygons
2026-09-10 17:34:12 +0200: Memory Usage (443512K) : gatpoly_pin has 59 polygons
2026-09-10 17:34:12 +0200: Memory Usage (443776K) : gatpoly_nofill has 1 polygons
2026-09-10 17:34:12 +0200: Memory Usage (443776K) : gatpoly_OPC has 0 polygons
2026-09-10 17:34:12 +0200: Memory Usage (443776K) : gatpoly_iOPC has 0 polygons
2026-09-10 17:34:12 +0200: Memory Usage (444040K) : gatpoly_noqrc has 0 polygons
2026-09-10 17:34:12 +0200: Memory Usage (446680K) : cont_drw has 202864 polygons
2026-09-10 17:34:12 +0200: Memory Usage (447208K) : cont_OPC has 0 polygons
2026-09-10 17:34:12 +0200: Memory Usage (447208K) : nsd_drw has 0 polygons
2026-09-10 17:34:12 +0200: Memory Usage (447208K) : nsd_block has 0 polygons
2026-09-10 17:34:12 +0200: Memory Usage (447208K) : metal1_drw has 6170 polygons
2026-09-10 17:34:12 +0200: Memory Usage (447208K) : metal1_filler has 0 polygons
2026-09-10 17:34:12 +0200: Memory Usage (447208K) : metal1_slit has 0 polygons
2026-09-10 17:34:12 +0200: Memory Usage (447208K) : metal1 has 6170 polygons
2026-09-10 17:34:12 +0200: Memory Usage (447208K) : metal1_pin has 1806 polygons
2026-09-10 17:34:12 +0200: Memory Usage (447208K) : metal1_mask has 0 polygons
2026-09-10 17:34:12 +0200: Memory Usage (447208K) : metal1_nofill has 1 polygons
2026-09-10 17:34:12 +0200: Memory Usage (447208K) : metal1_text has 1627 polygons
2026-09-10 17:34:12 +0200: Memory Usage (447208K) : metal1_OPC has 0 polygons
2026-09-10 17:34:12 +0200: Memory Usage (447208K) : metal1_noqrc has 1 polygons
2026-09-10 17:34:12 +0200: Memory Usage (447208K) : metal1_res has 0 polygons
2026-09-10 17:34:12 +0200: Memory Usage (447208K) : metal1_iprobe has 0 polygons
2026-09-10 17:34:12 +0200: Memory Usage (447208K) : metal1_diffprb has 0 polygons
2026-09-10 17:34:12 +0200: Memory Usage (447208K) : passiv_drw has 0 polygons
2026-09-10 17:34:12 +0200: Memory Usage (447208K) : passiv_pin has 0 polygons
2026-09-10 17:34:12 +0200: Memory Usage (447208K) : passiv_sbump has 0 polygons
2026-09-10 17:34:12 +0200: Memory Usage (447932K) : passiv_pillar has 0 polygons
2026-09-10 17:34:12 +0200: Memory Usage (447932K) : passiv_pdl has 0 polygons
2026-09-10 17:34:12 +0200: Memory Usage (447932K) : metal2_drw has 1121 polygons
2026-09-10 17:34:12 +0200: Memory Usage (447932K) : metal2_filler has 0 polygons
2026-09-10 17:34:12 +0200: Memory Usage (448196K) : metal2_slit has 0 polygons
2026-09-10 17:34:12 +0200: Memory Usage (448196K) : metal2 has 1121 polygons
2026-09-10 17:34:12 +0200: Memory Usage (448196K) : metal2_pin has 13 polygons
2026-09-10 17:34:12 +0200: Memory Usage (448196K) : metal2_mask has 0 polygons
2026-09-10 17:34:12 +0200: Memory Usage (448460K) : metal2_nofill has 1 polygons
2026-09-10 17:34:12 +0200: Memory Usage (448460K) : metal2_text has 14 polygons
2026-09-10 17:34:12 +0200: Memory Usage (448460K) : metal2_OPC has 0 polygons
2026-09-10 17:34:12 +0200: Memory Usage (448460K) : metal2_noqrc has 1 polygons
2026-09-10 17:34:12 +0200: Memory Usage (448724K) : metal2_res has 0 polygons
2026-09-10 17:34:12 +0200: Memory Usage (448724K) : metal2_iprobe has 0 polygons
2026-09-10 17:34:12 +0200: Memory Usage (448724K) : metal2_diffprb has 0 polygons
2026-09-10 17:34:12 +0200: Memory Usage (448724K) : baspoly_drw has 0 polygons
2026-09-10 17:34:12 +0200: Memory Usage (448988K) : baspoly_pin has 0 polygons
2026-09-10 17:34:12 +0200: Memory Usage (448988K) : psd_drw has 1463 polygons
2026-09-10 17:34:12 +0200: Memory Usage (448988K) : nldb_drw has 0 polygons
2026-09-10 17:34:12 +0200: Memory Usage (448988K) : digibnd_drw has 0 polygons
2026-09-10 17:34:12 +0200: Memory Usage (449252K) : via1_drw has 20911 polygons
2026-09-10 17:34:12 +0200: Memory Usage (449780K) : backmetal1_drw has 0 polygons
2026-09-10 17:34:12 +0200: Memory Usage (449780K) : backmetal1_pin has 0 polygons
2026-09-10 17:34:12 +0200: Memory Usage (449780K) : backmetal1_mask has 0 polygons
2026-09-10 17:34:12 +0200: Memory Usage (449780K) : backmetal1_filler has 0 polygons
2026-09-10 17:34:12 +0200: Memory Usage (449780K) : backmetal1_nofill has 0 polygons
2026-09-10 17:34:12 +0200: Memory Usage (449780K) : backmetal1_slit has 0 polygons
2026-09-10 17:34:12 +0200: Memory Usage (450044K) : backmetal1_text has 0 polygons
2026-09-10 17:34:12 +0200: Memory Usage (450044K) : backmetal1_OPC has 0 polygons
2026-09-10 17:34:12 +0200: Memory Usage (450044K) : backmetal1_noqrc has 0 polygons
2026-09-10 17:34:12 +0200: Memory Usage (450044K) : backmetal1_res has 0 polygons
2026-09-10 17:34:12 +0200: Memory Usage (450308K) : backmetal1_iprobe has 0 polygons
2026-09-10 17:34:12 +0200: Memory Usage (450308K) : backmetal1_diffprb has 0 polygons
2026-09-10 17:34:12 +0200: Memory Usage (450308K) : backpassiv_drw has 0 polygons
2026-09-10 17:34:12 +0200: Memory Usage (450308K) : res_drw has 0 polygons
2026-09-10 17:34:12 +0200: Memory Usage (450572K) : sram_drw has 0 polygons
2026-09-10 17:34:12 +0200: Memory Usage (450572K) : trans_drw has 0 polygons
2026-09-10 17:34:12 +0200: Memory Usage (450572K) : ind_drw has 1 polygons
2026-09-10 17:34:12 +0200: Memory Usage (450572K) : ind_pin has 2 polygons
2026-09-10 17:34:12 +0200: Memory Usage (450836K) : ind_text has 2 polygons
2026-09-10 17:34:12 +0200: Memory Usage (450836K) : salblock_drw has 38 polygons
2026-09-10 17:34:12 +0200: Memory Usage (451100K) : via2_drw has 18739 polygons
2026-09-10 17:34:12 +0200: Memory Usage (451364K) : metal3_drw has 465 polygons
2026-09-10 17:34:12 +0200: Memory Usage (451364K) : metal3_filler has 0 polygons
2026-09-10 17:34:12 +0200: Memory Usage (451364K) : metal3_slit has 0 polygons
2026-09-10 17:34:12 +0200: Memory Usage (451744K) : metal3 has 465 polygons
2026-09-10 17:34:12 +0200: Memory Usage (451744K) : metal3_pin has 19 polygons
2026-09-10 17:34:12 +0200: Memory Usage (451744K) : metal3_mask has 0 polygons
2026-09-10 17:34:12 +0200: Memory Usage (451744K) : metal3_nofill has 1 polygons
2026-09-10 17:34:12 +0200: Memory Usage (451744K) : metal3_text has 19 polygons
2026-09-10 17:34:12 +0200: Memory Usage (452008K) : metal3_OPC has 0 polygons
2026-09-10 17:34:12 +0200: Memory Usage (452008K) : metal3_noqrc has 1 polygons
2026-09-10 17:34:12 +0200: Memory Usage (452008K) : metal3_res has 0 polygons
2026-09-10 17:34:12 +0200: Memory Usage (452008K) : metal3_iprobe has 0 polygons
2026-09-10 17:34:12 +0200: Memory Usage (452272K) : metal3_diffprb has 0 polygons
2026-09-10 17:34:12 +0200: Memory Usage (452272K) : nwell_drw has 574 polygons
2026-09-10 17:34:12 +0200: Memory Usage (452272K) : nwell_pin has 0 polygons
2026-09-10 17:34:12 +0200: Memory Usage (452272K) : nwell_text has 0 polygons
2026-09-10 17:34:12 +0200: Memory Usage (452536K) : nbulay_drw has 56 polygons
2026-09-10 17:34:12 +0200: Memory Usage (452536K) : nbulay_pin has 0 polygons
2026-09-10 17:34:12 +0200: Memory Usage (452536K) : nbulay_block has 0 polygons
2026-09-10 17:34:12 +0200: Memory Usage (452536K) : emwind_drw has 0 polygons
2026-09-10 17:34:12 +0200: Memory Usage (452800K) : emwind_OPC has 0 polygons
2026-09-10 17:34:12 +0200: Memory Usage (452800K) : deepco_drw has 0 polygons
2026-09-10 17:34:12 +0200: Memory Usage (452800K) : mim_drw has 78 polygons
2026-09-10 17:34:12 +0200: Memory Usage (452800K) : edgeseal_drw has 0 polygons
2026-09-10 17:34:12 +0200: Memory Usage (453064K) : substrate_drw has 288 polygons
2026-09-10 17:34:12 +0200: Memory Usage (453064K) : substrate_text has 0 polygons
2026-09-10 17:34:12 +0200: Memory Usage (453064K) : dfpad_drw has 0 polygons
2026-09-10 17:34:12 +0200: Memory Usage (453064K) : dfpad_pillar has 0 polygons
2026-09-10 17:34:12 +0200: Memory Usage (453328K) : dfpad_sbump has 0 polygons
2026-09-10 17:34:12 +0200: Memory Usage (453328K) : thickgateox_drw has 2 polygons
2026-09-10 17:34:12 +0200: Memory Usage (453328K) : pldb_drw has 0 polygons
2026-09-10 17:34:12 +0200: Memory Usage (453328K) : pwell_drw has 0 polygons
2026-09-10 17:34:12 +0200: Memory Usage (453592K) : pwell_pin has 0 polygons
2026-09-10 17:34:12 +0200: Memory Usage (453592K) : pwell_block has 2 polygons
2026-09-10 17:34:12 +0200: Memory Usage (453592K) : ic_drw has 0 polygons
2026-09-10 17:34:12 +0200: Memory Usage (453856K) : via3_drw has 20568 polygons
2026-09-10 17:34:12 +0200: Memory Usage (454120K) : metal4_drw has 155 polygons
2026-09-10 17:34:12 +0200: Memory Usage (454120K) : metal4_filler has 0 polygons
2026-09-10 17:34:12 +0200: Memory Usage (454120K) : metal4_slit has 0 polygons
2026-09-10 17:34:12 +0200: Memory Usage (454384K) : metal4 has 155 polygons
2026-09-10 17:34:12 +0200: Memory Usage (454384K) : metal4_pin has 2 polygons
2026-09-10 17:34:12 +0200: Memory Usage (454384K) : metal4_mask has 0 polygons
2026-09-10 17:34:12 +0200: Memory Usage (454648K) : metal4_nofill has 1 polygons
2026-09-10 17:34:12 +0200: Memory Usage (454648K) : metal4_text has 2 polygons
2026-09-10 17:34:12 +0200: Memory Usage (454648K) : metal4_OPC has 0 polygons
2026-09-10 17:34:12 +0200: Memory Usage (454648K) : metal4_noqrc has 1 polygons
2026-09-10 17:34:12 +0200: Memory Usage (454912K) : metal4_res has 0 polygons
2026-09-10 17:34:12 +0200: Memory Usage (454912K) : metal4_iprobe has 0 polygons
2026-09-10 17:34:12 +0200: Memory Usage (454912K) : metal4_diffprb has 0 polygons
2026-09-10 17:34:12 +0200: Memory Usage (454912K) : heattrans_drw has 262 polygons
2026-09-10 17:34:12 +0200: Memory Usage (455176K) : heatres_drw has 38 polygons
2026-09-10 17:34:12 +0200: Memory Usage (455176K) : fbe_drw has 0 polygons
2026-09-10 17:34:12 +0200: Memory Usage (455176K) : empoly_drw has 0 polygons
2026-09-10 17:34:12 +0200: Memory Usage (455176K) : digisub_drw has 0 polygons
2026-09-10 17:34:12 +0200: Memory Usage (455440K) : text_drw has 291 polygons
2026-09-10 17:34:12 +0200: Memory Usage (455440K) : via4_drw has 19725 polygons
2026-09-10 17:34:12 +0200: Memory Usage (455968K) : metal5_drw has 225 polygons
2026-09-10 17:34:12 +0200: Memory Usage (455968K) : metal5_filler has 0 polygons
2026-09-10 17:34:12 +0200: Memory Usage (455968K) : metal5_slit has 0 polygons
2026-09-10 17:34:12 +0200: Memory Usage (455968K) : metal5 has 225 polygons
2026-09-10 17:34:12 +0200: Memory Usage (455968K) : metal5_pin has 23 polygons
2026-09-10 17:34:12 +0200: Memory Usage (456232K) : metal5_mask has 0 polygons
2026-09-10 17:34:13 +0200: Memory Usage (456232K) : metal5_nofill has 1 polygons
2026-09-10 17:34:13 +0200: Memory Usage (456232K) : metal5_text has 4 polygons
2026-09-10 17:34:13 +0200: Memory Usage (456232K) : metal5_OPC has 0 polygons
2026-09-10 17:34:13 +0200: Memory Usage (456496K) : metal5_noqrc has 1 polygons
2026-09-10 17:34:13 +0200: Memory Usage (456496K) : metal5_res has 0 polygons
2026-09-10 17:34:13 +0200: Memory Usage (456496K) : metal5_iprobe has 0 polygons
2026-09-10 17:34:13 +0200: Memory Usage (456496K) : metal5_diffprb has 0 polygons
2026-09-10 17:34:13 +0200: Memory Usage (456760K) : radhard_drw has 0 polygons
2026-09-10 17:34:13 +0200: Memory Usage (456760K) : memcap_drw has 0 polygons
2026-09-10 17:34:13 +0200: Memory Usage (456760K) : varicap_drw has 0 polygons
2026-09-10 17:34:13 +0200: Memory Usage (456760K) : intbondvia_drw has 0 polygons
2026-09-10 17:34:13 +0200: Memory Usage (457024K) : intbondmet_drw has 0 polygons
2026-09-10 17:34:13 +0200: Memory Usage (457024K) : devbondvia_drw has 0 polygons
2026-09-10 17:34:13 +0200: Memory Usage (457024K) : devbondmet_drw has 0 polygons
2026-09-10 17:34:13 +0200: Memory Usage (457024K) : devtrench_drw has 0 polygons
2026-09-10 17:34:13 +0200: Memory Usage (457288K) : redist_drw has 0 polygons
2026-09-10 17:34:13 +0200: Memory Usage (457288K) : graphbot_drw has 0 polygons
2026-09-10 17:34:13 +0200: Memory Usage (457288K) : graphtop_drw has 0 polygons
2026-09-10 17:34:13 +0200: Memory Usage (457288K) : antvia1_drw has 0 polygons
2026-09-10 17:34:13 +0200: Memory Usage (457552K) : antmetal2_drw has 0 polygons
2026-09-10 17:34:13 +0200: Memory Usage (457552K) : graphcont_drw has 0 polygons
2026-09-10 17:34:13 +0200: Memory Usage (457552K) : siwg_drw has 0 polygons
2026-09-10 17:34:13 +0200: Memory Usage (457552K) : siwg_filler has 0 polygons
2026-09-10 17:34:13 +0200: Memory Usage (457816K) : siwg_nofill has 0 polygons
2026-09-10 17:34:13 +0200: Memory Usage (457816K) : sigrating_drw has 0 polygons
2026-09-10 17:34:13 +0200: Memory Usage (457816K) : singrating_drw has 0 polygons
2026-09-10 17:34:13 +0200: Memory Usage (457816K) : graphpas_drw has 0 polygons
2026-09-10 17:34:13 +0200: Memory Usage (458080K) : emwind3_drw has 0 polygons
2026-09-10 17:34:13 +0200: Memory Usage (458080K) : emwihv3_drw has 0 polygons
2026-09-10 17:34:13 +0200: Memory Usage (458080K) : redbulay_drw has 0 polygons
2026-09-10 17:34:13 +0200: Memory Usage (458080K) : smos_drw has 0 polygons
2026-09-10 17:34:13 +0200: Memory Usage (458344K) : graphpad_drw has 0 polygons
2026-09-10 17:34:13 +0200: Memory Usage (458344K) : polimide_drw has 0 polygons
2026-09-10 17:34:13 +0200: Memory Usage (458344K) : polimide_pin has 0 polygons
2026-09-10 17:34:13 +0200: Memory Usage (458344K) : recog_drw has 0 polygons
2026-09-10 17:34:13 +0200: Memory Usage (458608K) : recog_pin has 0 polygons
2026-09-10 17:34:13 +0200: Memory Usage (458608K) : recog_esd has 0 polygons
2026-09-10 17:34:13 +0200: Memory Usage (458608K) : recog_diode has 0 polygons
2026-09-10 17:34:13 +0200: Memory Usage (458608K) : recog_tsv has 0 polygons
2026-09-10 17:34:13 +0200: Memory Usage (458872K) : recog_iprobe has 0 polygons
2026-09-10 17:34:13 +0200: Memory Usage (458872K) : recog_diffprb has 0 polygons
2026-09-10 17:34:13 +0200: Memory Usage (458872K) : recog_pillar has 0 polygons
2026-09-10 17:34:13 +0200: Memory Usage (458872K) : recog_sbump has 0 polygons
2026-09-10 17:34:13 +0200: Memory Usage (459136K) : recog_otp has 0 polygons
2026-09-10 17:34:13 +0200: Memory Usage (459136K) : recog_pdiode has 0 polygons
2026-09-10 17:34:13 +0200: Memory Usage (459136K) : recog_mom has 0 polygons
2026-09-10 17:34:13 +0200: Memory Usage (459136K) : recog_momf has 0 polygons
2026-09-10 17:34:13 +0200: Memory Usage (459400K) : recog_pcm has 0 polygons
2026-09-10 17:34:13 +0200: Memory Usage (459400K) : colopen_drw has 0 polygons
2026-09-10 17:34:13 +0200: Memory Usage (459400K) : graphmetal1_drw has 0 polygons
2026-09-10 17:34:13 +0200: Memory Usage (459400K) : graphmetal1_filler has 0 polygons
2026-09-10 17:34:13 +0200: Memory Usage (459664K) : graphmetal1_nofill has 0 polygons
2026-09-10 17:34:13 +0200: Memory Usage (459664K) : graphmetal1_slit has 0 polygons
2026-09-10 17:34:13 +0200: Memory Usage (459664K) : graphmetal1_OPC has 0 polygons
2026-09-10 17:34:13 +0200: Memory Usage (459664K) : graphmet1l_drw has 0 polygons
2026-09-10 17:34:13 +0200: Memory Usage (459928K) : graphmet1l_filler has 0 polygons
2026-09-10 17:34:13 +0200: Memory Usage (459928K) : graphmet1l_nofill has 0 polygons
2026-09-10 17:34:13 +0200: Memory Usage (459928K) : graphmet1l_slit has 0 polygons
2026-09-10 17:34:13 +0200: Memory Usage (459928K) : graphmet1l_OPC has 0 polygons
2026-09-10 17:34:13 +0200: Memory Usage (460192K) : extblock_drw has 80 polygons
2026-09-10 17:34:13 +0200: Memory Usage (460192K) : nldd_drw has 0 polygons
2026-09-10 17:34:13 +0200: Memory Usage (460192K) : pldd_drw has 0 polygons
2026-09-10 17:34:13 +0200: Memory Usage (460192K) : next_drw has 0 polygons
2026-09-10 17:34:13 +0200: Memory Usage (460456K) : pext_drw has 0 polygons
2026-09-10 17:34:13 +0200: Memory Usage (460456K) : nexthv_drw has 0 polygons
2026-09-10 17:34:13 +0200: Memory Usage (460456K) : pexthv_drw has 0 polygons
2026-09-10 17:34:13 +0200: Memory Usage (460456K) : graphgate_drw has 0 polygons
2026-09-10 17:34:13 +0200: Memory Usage (460720K) : sinwg_drw has 0 polygons
2026-09-10 17:34:13 +0200: Memory Usage (460720K) : sinwg_filler has 0 polygons
2026-09-10 17:34:13 +0200: Memory Usage (460720K) : sinwg_nofill has 0 polygons
2026-09-10 17:34:13 +0200: Memory Usage (460720K) : mempad_drw has 0 polygons
2026-09-10 17:34:13 +0200: Memory Usage (460984K) : topvia1_drw has 5634 polygons
2026-09-10 17:34:13 +0200: Memory Usage (460984K) : topmetal1_drw has 150 polygons
2026-09-10 17:34:13 +0200: Memory Usage (460984K) : topmetal1_filler has 0 polygons
2026-09-10 17:34:13 +0200: Memory Usage (461248K) : topmetal1_slit has 0 polygons
2026-09-10 17:34:13 +0200: Memory Usage (461248K) : topmetal1 has 150 polygons
2026-09-10 17:34:13 +0200: Memory Usage (461512K) : topmetal1_pin has 25 polygons
2026-09-10 17:34:13 +0200: Memory Usage (461512K) : topmetal1_mask has 0 polygons
2026-09-10 17:34:13 +0200: Memory Usage (461512K) : topmetal1_nofill has 1 polygons
2026-09-10 17:34:13 +0200: Memory Usage (461776K) : topmetal1_text has 6 polygons
2026-09-10 17:34:13 +0200: Memory Usage (461776K) : topmetal1_noqrc has 1 polygons
2026-09-10 17:34:13 +0200: Memory Usage (461776K) : topmetal1_res has 0 polygons
2026-09-10 17:34:13 +0200: Memory Usage (461776K) : topmetal1_iprobe has 0 polygons
2026-09-10 17:34:13 +0200: Memory Usage (462040K) : topmetal1_diffprb has 0 polygons
2026-09-10 17:34:13 +0200: Memory Usage (462040K) : inldpwl_drw has 0 polygons
2026-09-10 17:34:13 +0200: Memory Usage (462040K) : polyres_drw has 38 polygons
2026-09-10 17:34:13 +0200: Memory Usage (462040K) : polyres_pin has 0 polygons
2026-09-10 17:34:13 +0200: Memory Usage (462304K) : vmim_drw has 34189 polygons
2026-09-10 17:34:13 +0200: Memory Usage (462304K) : nbulaycut_drw has 0 polygons
2026-09-10 17:34:13 +0200: Memory Usage (462304K) : antmetal1_drw has 0 polygons
2026-09-10 17:34:13 +0200: Memory Usage (462568K) : topvia2_drw has 992 polygons
2026-09-10 17:34:13 +0200: Memory Usage (462568K) : topmetal2_drw has 25 polygons
2026-09-10 17:34:13 +0200: Memory Usage (462568K) : topmetal2_filler has 0 polygons
2026-09-10 17:34:13 +0200: Memory Usage (462832K) : topmetal2_slit has 0 polygons
2026-09-10 17:34:13 +0200: Memory Usage (462832K) : topmetal2 has 25 polygons
2026-09-10 17:34:13 +0200: Memory Usage (462832K) : topmetal2_pin has 4 polygons
2026-09-10 17:34:13 +0200: Memory Usage (463096K) : topmetal2_mask has 0 polygons
2026-09-10 17:34:13 +0200: Memory Usage (463096K) : topmetal2_nofill has 1 polygons
2026-09-10 17:34:13 +0200: Memory Usage (463096K) : topmetal2_text has 4 polygons
2026-09-10 17:34:13 +0200: Memory Usage (463360K) : topmetal2_noqrc has 0 polygons
2026-09-10 17:34:13 +0200: Memory Usage (463360K) : topmetal2_res has 0 polygons
2026-09-10 17:34:13 +0200: Memory Usage (463360K) : topmetal2_iprobe has 0 polygons
2026-09-10 17:34:13 +0200: Memory Usage (463360K) : topmetal2_diffprb has 0 polygons
2026-09-10 17:34:13 +0200: Memory Usage (463624K) : snsring_drw has 0 polygons
2026-09-10 17:34:13 +0200: Memory Usage (463624K) : sensor_drw has 0 polygons
2026-09-10 17:34:13 +0200: Memory Usage (463624K) : snsarms_drw has 0 polygons
2026-09-10 17:34:13 +0200: Memory Usage (463624K) : snscmosvia_drw has 0 polygons
2026-09-10 17:34:13 +0200: Memory Usage (463888K) : colwind_drw has 0 polygons
2026-09-10 17:34:13 +0200: Memory Usage (463888K) : flm_drw has 0 polygons
2026-09-10 17:34:13 +0200: Memory Usage (463888K) : hafniumox_drw has 0 polygons
2026-09-10 17:34:13 +0200: Memory Usage (463888K) : memvia_drw has 0 polygons
2026-09-10 17:34:13 +0200: Memory Usage (463888K) : thinfilmres_drw has 0 polygons
2026-09-10 17:34:13 +0200: Memory Usage (463888K) : rfmem_drw has 0 polygons
2026-09-10 17:34:13 +0200: Memory Usage (463888K) : norcx_drw has 1 polygons
2026-09-10 17:34:13 +0200: Memory Usage (463888K) : norcx_m2m3 has 0 polygons
2026-09-10 17:34:13 +0200: Memory Usage (463888K) : norcx_m2m4 has 0 polygons
2026-09-10 17:34:13 +0200: Memory Usage (463888K) : norcx_m2m5 has 0 polygons
2026-09-10 17:34:13 +0200: Memory Usage (463888K) : norcx_m2tm1 has 0 polygons
2026-09-10 17:34:13 +0200: Memory Usage (463888K) : norcx_m2tm2 has 0 polygons
2026-09-10 17:34:13 +0200: Memory Usage (463888K) : norcx_m3m4 has 0 polygons
2026-09-10 17:34:13 +0200: Memory Usage (463888K) : norcx_m3m5 has 0 polygons
2026-09-10 17:34:13 +0200: Memory Usage (463888K) : norcx_m3tm1 has 0 polygons
2026-09-10 17:34:13 +0200: Memory Usage (463888K) : norcx_m3tm2 has 0 polygons
2026-09-10 17:34:13 +0200: Memory Usage (463888K) : norcx_m4m5 has 0 polygons
2026-09-10 17:34:13 +0200: Memory Usage (463888K) : norcx_m4tm1 has 0 polygons
2026-09-10 17:34:13 +0200: Memory Usage (463888K) : norcx_m4tm2 has 0 polygons
2026-09-10 17:34:13 +0200: Memory Usage (463888K) : norcx_m5tm1 has 0 polygons
2026-09-10 17:34:13 +0200: Memory Usage (463888K) : norcx_m5tm2 has 0 polygons
2026-09-10 17:34:13 +0200: Memory Usage (463888K) : norcx_tm1tm2 has 0 polygons
2026-09-10 17:34:13 +0200: Memory Usage (463888K) : norcx_m1sub has 0 polygons
2026-09-10 17:34:13 +0200: Memory Usage (463888K) : norcx_m2sub has 0 polygons
2026-09-10 17:34:13 +0200: Memory Usage (463888K) : norcx_m3sub has 0 polygons
2026-09-10 17:34:13 +0200: Memory Usage (463888K) : norcx_m4sub has 0 polygons
2026-09-10 17:34:13 +0200: Memory Usage (463888K) : norcx_m5sub has 0 polygons
2026-09-10 17:34:13 +0200: Memory Usage (463888K) : norcx_tm1sub has 0 polygons
2026-09-10 17:34:13 +0200: Memory Usage (463888K) : norcx_tm2sub has 0 polygons
2026-09-10 17:34:13 +0200: Memory Usage (463888K) : snsbotvia_drw has 0 polygons
2026-09-10 17:34:13 +0200: Memory Usage (463888K) : snstopvia_drw has 0 polygons
2026-09-10 17:34:13 +0200: Memory Usage (463888K) : deepvia_drw has 0 polygons
2026-09-10 17:34:13 +0200: Memory Usage (463888K) : fgetch_drw has 0 polygons
2026-09-10 17:34:13 +0200: Memory Usage (463888K) : ctrgat_drw has 0 polygons
2026-09-10 17:34:13 +0200: Memory Usage (463888K) : fgimp_drw has 0 polygons
2026-09-10 17:34:13 +0200: Memory Usage (463888K) : emwihv_drw has 0 polygons
2026-09-10 17:34:13 +0200: Memory Usage (463888K) : lbe_drw has 0 polygons
2026-09-10 17:34:13 +0200: Memory Usage (463888K) : alcustop_drw has 0 polygons
2026-09-10 17:34:13 +0200: Memory Usage (463888K) : nometfiller_drw has 0 polygons
2026-09-10 17:34:13 +0200: Memory Usage (463888K) : prboundary_drw has 2 polygons
2026-09-10 17:34:13 +0200: Memory Usage (463888K) : exchange0_drw has 0 polygons
2026-09-10 17:34:13 +0200: Memory Usage (463888K) : exchange0_pin has 0 polygons
2026-09-10 17:34:13 +0200: Memory Usage (463888K) : exchange0_text has 0 polygons
2026-09-10 17:34:13 +0200: Memory Usage (463888K) : exchange1_drw has 0 polygons
2026-09-10 17:34:13 +0200: Memory Usage (463888K) : exchange1_pin has 0 polygons
2026-09-10 17:34:13 +0200: Memory Usage (463888K) : exchange1_text has 0 polygons
2026-09-10 17:34:13 +0200: Memory Usage (463888K) : exchange2_drw has 0 polygons
2026-09-10 17:34:13 +0200: Memory Usage (463888K) : exchange2_pin has 0 polygons
2026-09-10 17:34:13 +0200: Memory Usage (463888K) : exchange2_text has 0 polygons
2026-09-10 17:34:13 +0200: Memory Usage (463888K) : exchange3_drw has 0 polygons
2026-09-10 17:34:13 +0200: Memory Usage (463888K) : exchange3_pin has 0 polygons
2026-09-10 17:34:13 +0200: Memory Usage (463888K) : exchange3_text has 0 polygons
2026-09-10 17:34:13 +0200: Memory Usage (463888K) : exchange4_drw has 0 polygons
2026-09-10 17:34:13 +0200: Memory Usage (463888K) : exchange4_pin has 0 polygons
2026-09-10 17:34:13 +0200: Memory Usage (463888K) : exchange4_text has 0 polygons
2026-09-10 17:34:13 +0200: Memory Usage (463888K) : isonwell_drw has 0 polygons
2026-09-10 17:34:13 +0200: Memory Usage (463888K) : Total no. of polygons in the design is 345033
2026-09-10 17:34:13 +0200: Memory Usage (463888K) : Starting base layers derivations
2026-09-10 17:34:13 +0200: Memory Usage (463888K) : Starting general LVS derivations
2026-09-10 17:34:14 +0200: Memory Usage (469492K) : Starting MOSFET DERIVATIONS
2026-09-10 17:34:17 +0200: Memory Usage (485740K) : Starting NMOS DERIVATIONS
2026-09-10 17:34:17 +0200: Memory Usage (485740K) : Starting PMOS DERIVATIONS
2026-09-10 17:34:17 +0200: Memory Usage (485740K) : Starting RF-MOSFET DERIVATIONS
2026-09-10 17:34:17 +0200: Memory Usage (485740K) : Starting RF-NMOS DERIVATIONS
2026-09-10 17:34:17 +0200: Memory Usage (485740K) : Starting RF-PMOS DERIVATIONS
2026-09-10 17:34:17 +0200: Memory Usage (485740K) : Starting BJT DERIVATIONS
2026-09-10 17:34:17 +0200: Memory Usage (485740K) : Starting NPN-BJT DERIVATIONS
2026-09-10 17:34:18 +0200: Memory Usage (482668K) : Starting PNP-BJT DERIVATIONS
2026-09-10 17:34:18 +0200: Memory Usage (482668K) : Starting DIODE DERIVATIONS
2026-09-10 17:34:24 +0200: Memory Usage (488628K) : Starting RESISTOR DERIVATIONS
2026-09-10 17:34:25 +0200: Memory Usage (483168K) : Starting CAP DERIVATIONS
2026-09-10 17:34:27 +0200: Memory Usage (483168K) : Starting CAP_CMOM DERIVATIONS
2026-09-10 17:34:27 +0200: Memory Usage (483168K) : Starting CAP_CMOMF DERIVATIONS
2026-09-10 17:34:27 +0200: Memory Usage (483168K) : Starting ESD DERIVATIONS
2026-09-10 17:34:28 +0200: Memory Usage (483224K) : Starting Inductor DERIVATIONS
2026-09-10 17:34:29 +0200: Memory Usage (483224K) : Starting Taps DERIVATIONS
2026-09-10 17:34:30 +0200: Memory Usage (483224K) : Starting SG13G2 LVS connectivity setup
2026-09-10 17:34:30 +0200: Memory Usage (483224K) : Starting SG13G2 LVS connectivity setup (Inter-layer)
2026-09-10 17:34:30 +0200: Memory Usage (483224K) : Starting SG13G2 LVS connectivity setup (Global)
2026-09-10 17:34:30 +0200: Memory Usage (483224K) : Starting LVS MOSFET CONNECTIONS
2026-09-10 17:34:30 +0200: Memory Usage (483224K) : Starting LVS RF-MOSFET CONNECTIONS
2026-09-10 17:34:30 +0200: Memory Usage (483224K) : Starting LVS BJT CONNECTIONS
2026-09-10 17:34:30 +0200: Memory Usage (483224K) : Starting LVS DIODE CONNECTIONS
2026-09-10 17:34:30 +0200: Memory Usage (483224K) : Starting RESISTOR CONNECTIONS
2026-09-10 17:34:30 +0200: Memory Usage (483224K) : Starting LVS CAP CONNECTIONS
2026-09-10 17:34:30 +0200: Memory Usage (483224K) : Starting CAP_CMOM CONNECTIONS
2026-09-10 17:34:30 +0200: Memory Usage (483224K) : Starting CAP_CMOMF CONNECTIONS
2026-09-10 17:34:30 +0200: Memory Usage (483224K) : Starting ESD CONNECTIONS
2026-09-10 17:34:30 +0200: Memory Usage (483224K) : Starting Inductor CONNECTIONS
2026-09-10 17:34:30 +0200: Memory Usage (483224K) : Starting LVS Taps CONNECTIONS
2026-09-10 17:34:30 +0200: Memory Usage (483224K) : Starting SG13G2 LVS DEVICES EXTRACTION
2026-09-10 17:34:30 +0200: Memory Usage (483224K) : Starting MOSFET EXTRACTION
2026-09-10 17:34:30 +0200: Memory Usage (483224K) : Starting NMOS EXTRACTION
2026-09-10 17:34:30 +0200: Memory Usage (483224K) : Extraction of NMOS-LV transistor
2026-09-10 17:34:30 +0200: Memory Usage (483224K) : Extraction of NMOS-HV transistor
2026-09-10 17:34:30 +0200: Memory Usage (483224K) : Starting PMOS EXTRACTION
2026-09-10 17:34:30 +0200: Memory Usage (483224K) : Extraction of PMOS-LV transistor
2026-09-10 17:34:30 +0200: Memory Usage (483224K) : Extraction of PMOS-HV transistor
2026-09-10 17:34:30 +0200: Memory Usage (483224K) : Starting RF-MOSFET EXTRACTION
2026-09-10 17:34:30 +0200: Memory Usage (483224K) : Extraction of RF-NMOS-LV transistor
2026-09-10 17:34:30 +0200: Memory Usage (483224K) : Extraction of RF-NMOS-HV transistor
2026-09-10 17:34:30 +0200: Memory Usage (483224K) : Extraction of RF-PMOS-LV transistor
2026-09-10 17:34:30 +0200: Memory Usage (483224K) : Extraction of RF-PMOS-HV transistor
2026-09-10 17:34:30 +0200: Memory Usage (483224K) : Starting BJT EXTRACTION
2026-09-10 17:34:30 +0200: Memory Usage (483224K) : Starting NPN-BJT EXTRACTION
2026-09-10 17:34:30 +0200: Memory Usage (483224K) : Extraction of npn13G2 BJT transistor
2026-09-10 17:34:30 +0200: Memory Usage (483224K) : Extraction of npn13G2L BJT transistor
2026-09-10 17:34:30 +0200: Memory Usage (483224K) : Extraction of npn13G2V BJT transistor
2026-09-10 17:34:30 +0200: Memory Usage (483224K) : Starting PNP-BJT EXTRACTION
2026-09-10 17:34:30 +0200: Memory Usage (483224K) : Extracting pnpMPA BJT
2026-09-10 17:34:30 +0200: Memory Usage (483224K) : Starting DIODE EXTRACTION
2026-09-10 17:34:30 +0200: Memory Usage (483224K) : Extracting dantenna diode
2026-09-10 17:34:30 +0200: Memory Usage (483224K) : Extracting dpantenna diode
2026-09-10 17:34:30 +0200: Memory Usage (483224K) : Extracting schottky_nbl1 diode
2026-09-10 17:34:30 +0200: Memory Usage (483224K) : Extracting isolbox diode
2026-09-10 17:34:30 +0200: Memory Usage (483224K) : Starting RESISTOR EXTRACTION
2026-09-10 17:34:30 +0200: Memory Usage (483224K) : Extracting rsil resistor
2026-09-10 17:34:30 +0200: Memory Usage (483224K) : Extracting rppd resistor
2026-09-10 17:34:30 +0200: Memory Usage (483224K) : Extracting rhigh resistor
2026-09-10 17:34:30 +0200: Memory Usage (483224K) : Extracting res_metal1 resistor
2026-09-10 17:34:30 +0200: Memory Usage (483224K) : Extracting res_metal2 resistor
2026-09-10 17:34:30 +0200: Memory Usage (483224K) : Extracting res_metal3 resistor
2026-09-10 17:34:31 +0200: Memory Usage (483224K) : Extracting res_metal4 resistor
2026-09-10 17:34:31 +0200: Memory Usage (483224K) : Extracting res_metal5 resistor
2026-09-10 17:34:31 +0200: Memory Usage (483224K) : Extracting res_topmetal1 resistor
2026-09-10 17:34:31 +0200: Memory Usage (483224K) : Extracting res_topmetal2 resistor
2026-09-10 17:34:31 +0200: Memory Usage (483224K) : Starting CAP EXTRACTION
2026-09-10 17:34:31 +0200: Memory Usage (483224K) : Extracting cap_cmim device
2026-09-10 17:34:31 +0200: Memory Usage (483224K) : Extracting rfcmim device
2026-09-10 17:34:31 +0200: Memory Usage (483224K) : Extracting sg13_hv_svaricap varactor
2026-09-10 17:34:31 +0200: Memory Usage (483224K) : Extracting cap_cmomi device
2026-09-10 17:34:31 +0200: Memory Usage (483224K) : Extracting cap_cmomf device
2026-09-10 17:34:31 +0200: Memory Usage (483224K) : Extracting sg13_moscap_n capacitor
2026-09-10 17:34:31 +0200: Memory Usage (483224K) : Extracting sg13_moscap_p capacitor
2026-09-10 17:34:31 +0200: Memory Usage (483224K) : Starting ESD EXTRACTION
2026-09-10 17:34:31 +0200: Memory Usage (483224K) : Extracting diodevdd_2kv ESD device
2026-09-10 17:34:31 +0200: Memory Usage (483224K) : Extracting diodevdd_4kv ESD device
2026-09-10 17:34:31 +0200: Memory Usage (483224K) : Extracting diodevss_2kv ESD device
2026-09-10 17:34:31 +0200: Memory Usage (483224K) : Extracting diodevss_4kv ESD device
2026-09-10 17:34:31 +0200: Memory Usage (483224K) : Extracting idiodevdd_2kv ESD device
2026-09-10 17:34:31 +0200: Memory Usage (483224K) : Extracting idiodevdd_4kv ESD device
2026-09-10 17:34:31 +0200: Memory Usage (483224K) : Extracting idiodevss_2kv ESD device
2026-09-10 17:34:31 +0200: Memory Usage (483224K) : Extracting idiodevss_4kv ESD device
2026-09-10 17:34:31 +0200: Memory Usage (483224K) : Extracting nmoscl_2 ESD device
2026-09-10 17:34:31 +0200: Memory Usage (483224K) : Extracting nmoscl_4 ESD device
2026-09-10 17:34:31 +0200: Memory Usage (483224K) : Starting Inductor EXTRACTION
2026-09-10 17:34:31 +0200: Memory Usage (483224K) : Extracting Inductor2 device
2026-09-10 17:34:31 +0200: Memory Usage (483224K) : Extracting Inductor3 device
2026-09-10 17:34:31 +0200: Memory Usage (483224K) : Starting Taps EXTRACTION
2026-09-10 17:34:31 +0200: Memory Usage (483224K) : Extracting ntap1 device
2026-09-10 17:34:31 +0200: Memory Usage (483224K) : Extracting ptap1 device
2026-09-10 17:34:31 +0200: Memory Usage (483224K) : Starting SG13G2 LVS RF MOS Model Mapping
2026-09-10 17:34:33 +0200: Memory Usage (502164K) : [layout_netlist] Apply RF MOS model mapping and rfmode parameter.
2026-09-10 17:34:33 +0200: Memory Usage (502164K) : Starting SG13G2 LVS Options Preparations
2026-09-10 17:34:33 +0200: Memory Usage (502164K) : SG13G2 LVS flow: extraction -> alignment -> option preparation -> comparison.
2026-09-10 17:34:33 +0200: Memory Usage (502164K) : Starting SG13G2 LVS Alignment
2026-09-10 17:34:33 +0200: Memory Usage (502164K) : Starting SG13G2 LVS Simplification
2026-09-10 17:34:33 +0200: Memory Usage (502164K) : [layout_netlist] simplify: ENABLED
2026-09-10 17:34:33 +0200: Memory Usage (502164K) : [layout_netlist] make_top_level_pins: SKIPPED
2026-09-10 17:34:33 +0200: Memory Usage (502164K) : [layout_netlist] combine_devices: SKIPPED
2026-09-10 17:34:33 +0200: Memory Usage (502164K) : [layout_netlist] purge: SKIPPED
2026-09-10 17:34:33 +0200: Memory Usage (502164K) : [layout_netlist] purge_nets: SKIPPED
2026-09-10 17:34:33 +0200: Memory Usage (502164K) : [layout_netlist] purge_devices: SKIPPED
2026-09-10 17:34:33 +0200: Memory Usage (502164K) : [schematic_netlist] simplify: ENABLED
2026-09-10 17:34:33 +0200: Memory Usage (502164K) : [schematic_netlist] make_top_level_pins: SKIPPED
2026-09-10 17:34:33 +0200: Memory Usage (502164K) : [schematic_netlist] combine_devices: SKIPPED
2026-09-10 17:34:33 +0200: Memory Usage (502164K) : [schematic_netlist] purge: SKIPPED
2026-09-10 17:34:33 +0200: Memory Usage (502164K) : [schematic_netlist] purge_nets: SKIPPED
2026-09-10 17:34:33 +0200: Memory Usage (502164K) : [schematic_netlist] purge_devices: SKIPPED
2026-09-10 17:34:33 +0200: Memory Usage (502164K) : Starting SG13G2 LVS Comparison in strict port mode.
2026-09-10 17:34:33 +0200: Memory Usage (502164K) : flag_missing_ports enabled: missing/mislabeled top-level ports are treated as errors.
2026-09-10 17:34:33 +0200: Memory Usage (502164K) : ==========================================
2026-09-10 17:34:33 +0200: Memory Usage (502164K) : INFO : Congratulations! Netlists match.
2026-09-10 17:34:33 +0200: Memory Usage (502164K) : ==========================================
2026-09-10 17:34:33 +0200: Memory Usage (502164K) : LVS Total Run time 21.677364 seconds
