# Logfile created on 2026-09-10 11:56:55 +0200 by logger.rb/v1.5.3
2026-09-10 11:56:55 +0200: Memory Usage (456512K) : Starting running SG13G2 Klayout LVS runset on /foss/designs/uniccass-icdesign-tools/shared_xserver/LC_VCO_FPLL/gds/blocks/PHASE_FREQ_DET.gds
2026-09-10 11:56:55 +0200: Memory Usage (456512K) : Ruby Version for klayout: 3.2.3
2026-09-10 11:56:55 +0200: Memory Usage (456512K) : Loading database to memory is complete.
2026-09-10 11:56:55 +0200: Memory Usage (456512K) : SG13G2 Klayout LVS runset output at: /foss/designs/uniccass-icdesign-tools/shared_xserver/LC_VCO_FPLL/lvs/lvs_run_PHASE_FREQ_DET/PHASE_FREQ_DET.lvsdb
2026-09-10 11:56:55 +0200: Memory Usage (456512K) : Evaluate switches.
2026-09-10 11:56:55 +0200: Memory Usage (456512K) : Extracted netlist with net names: true
2026-09-10 11:56:55 +0200: Memory Usage (456512K) : Extracted netlist with comments in details: false
2026-09-10 11:56:55 +0200: Memory Usage (456512K) : Selected NET_ONLY option: false
2026-09-10 11:56:55 +0200: Memory Usage (456512K) : Selected LAYOUT_NETLIST option: (none)
2026-09-10 11:56:55 +0200: Memory Usage (456512K) : Selected IGNORE_TOP_PORTS_MISMATCH option: true
2026-09-10 11:56:55 +0200: Memory Usage (456512K) : Selected IMPLICIT_NETS option: (none)
2026-09-10 11:56:55 +0200: Memory Usage (456512K) : Selected TOP_LVL_PINS option: false
2026-09-10 11:56:55 +0200: Memory Usage (456512K) : Selected COMBINE DEVICES option: false
2026-09-10 11:56:55 +0200: Memory Usage (456512K) : Selected PURGE option: false
2026-09-10 11:56:55 +0200: Memory Usage (456512K) : Selected PURGE_NETS option: false
2026-09-10 11:56:55 +0200: Memory Usage (456512K) : Selected SIMPLIFY option: true
2026-09-10 11:56:55 +0200: Memory Usage (456512K) : Selected SERIES_RES option: true
2026-09-10 11:56:55 +0200: Memory Usage (456512K) : Selected PARALLEL_RES option: true
2026-09-10 11:56:55 +0200: Memory Usage (456512K) : Selected DISABLE_TAP_EXTRACTION option: false
2026-09-10 11:56:55 +0200: Memory Usage (456512K) : deep  mode is enabled.
2026-09-10 11:56:55 +0200: Memory Usage (457956K) : Netlist file: /foss/designs/uniccass-icdesign-tools/shared_xserver/LC_VCO_FPLL/spice/PHASE_FREQ_DET.spice
2026-09-10 11:56:55 +0200: Memory Usage (457956K) : LVS extracted netlist at: /foss/designs/uniccass-icdesign-tools/shared_xserver/LC_VCO_FPLL/lvs/lvs_run_PHASE_FREQ_DET/PHASE_FREQ_DET_extracted.cir
2026-09-10 11:56:55 +0200: Memory Usage (457956K) : Applying SRAM integration support.
2026-09-10 11:56:55 +0200: Memory Usage (458020K) : Starting SG13G2 LVS runset
2026-09-10 11:56:55 +0200: Memory Usage (458020K) : Read in polygons from layers.
2026-09-10 11:56:55 +0200: Memory Usage (458020K) : activ_drw has 39 polygons
2026-09-10 11:56:55 +0200: Memory Usage (458020K) : activ_filler has 0 polygons
2026-09-10 11:56:55 +0200: Memory Usage (458020K) : activ has 39 polygons
2026-09-10 11:56:55 +0200: Memory Usage (458020K) : activ_pin has 0 polygons
2026-09-10 11:56:55 +0200: Memory Usage (458020K) : activ_mask has 0 polygons
2026-09-10 11:56:55 +0200: Memory Usage (458020K) : activ_nofill has 0 polygons
2026-09-10 11:56:55 +0200: Memory Usage (458020K) : activ_OPC has 0 polygons
2026-09-10 11:56:55 +0200: Memory Usage (458020K) : activ_iOPC has 0 polygons
2026-09-10 11:56:55 +0200: Memory Usage (458020K) : activ_noqrc has 0 polygons
2026-09-10 11:56:55 +0200: Memory Usage (458020K) : biwind_drw has 0 polygons
2026-09-10 11:56:55 +0200: Memory Usage (458020K) : biwind_OPC has 0 polygons
2026-09-10 11:56:55 +0200: Memory Usage (458020K) : gatpoly_drw has 80 polygons
2026-09-10 11:56:55 +0200: Memory Usage (458020K) : gatpoly_filler has 0 polygons
2026-09-10 11:56:56 +0200: Memory Usage (458020K) : gatpoly has 80 polygons
2026-09-10 11:56:56 +0200: Memory Usage (458020K) : gatpoly_pin has 0 polygons
2026-09-10 11:56:56 +0200: Memory Usage (458020K) : gatpoly_nofill has 0 polygons
2026-09-10 11:56:56 +0200: Memory Usage (458020K) : gatpoly_OPC has 0 polygons
2026-09-10 11:56:56 +0200: Memory Usage (458020K) : gatpoly_iOPC has 0 polygons
2026-09-10 11:56:56 +0200: Memory Usage (458020K) : gatpoly_noqrc has 0 polygons
2026-09-10 11:56:56 +0200: Memory Usage (458020K) : cont_drw has 311 polygons
2026-09-10 11:56:56 +0200: Memory Usage (458020K) : cont_OPC has 0 polygons
2026-09-10 11:56:56 +0200: Memory Usage (458020K) : nsd_drw has 0 polygons
2026-09-10 11:56:56 +0200: Memory Usage (458020K) : nsd_block has 0 polygons
2026-09-10 11:56:56 +0200: Memory Usage (458020K) : metal1_drw has 131 polygons
2026-09-10 11:56:56 +0200: Memory Usage (459768K) : metal1_filler has 0 polygons
2026-09-10 11:56:56 +0200: Memory Usage (459768K) : metal1_slit has 0 polygons
2026-09-10 11:56:56 +0200: Memory Usage (460028K) : metal1 has 131 polygons
2026-09-10 11:56:56 +0200: Memory Usage (460028K) : metal1_pin has 21 polygons
2026-09-10 11:56:56 +0200: Memory Usage (460028K) : metal1_mask has 0 polygons
2026-09-10 11:56:56 +0200: Memory Usage (460352K) : metal1_nofill has 0 polygons
2026-09-10 11:56:56 +0200: Memory Usage (460616K) : metal1_text has 21 polygons
2026-09-10 11:56:56 +0200: Memory Usage (460616K) : metal1_OPC has 0 polygons
2026-09-10 11:56:56 +0200: Memory Usage (460616K) : metal1_noqrc has 0 polygons
2026-09-10 11:56:56 +0200: Memory Usage (460616K) : metal1_res has 0 polygons
2026-09-10 11:56:56 +0200: Memory Usage (460616K) : metal1_iprobe has 0 polygons
2026-09-10 11:56:56 +0200: Memory Usage (460616K) : metal1_diffprb has 0 polygons
2026-09-10 11:56:56 +0200: Memory Usage (460616K) : passiv_drw has 0 polygons
2026-09-10 11:56:56 +0200: Memory Usage (460616K) : passiv_pin has 0 polygons
2026-09-10 11:56:56 +0200: Memory Usage (460996K) : passiv_sbump has 0 polygons
2026-09-10 11:56:56 +0200: Memory Usage (460996K) : passiv_pillar has 0 polygons
2026-09-10 11:56:56 +0200: Memory Usage (460996K) : passiv_pdl has 0 polygons
2026-09-10 11:56:56 +0200: Memory Usage (460996K) : metal2_drw has 20 polygons
2026-09-10 11:56:56 +0200: Memory Usage (461260K) : metal2_filler has 0 polygons
2026-09-10 11:56:56 +0200: Memory Usage (461260K) : metal2_slit has 0 polygons
2026-09-10 11:56:56 +0200: Memory Usage (461524K) : metal2 has 20 polygons
2026-09-10 11:56:56 +0200: Memory Usage (461524K) : metal2_pin has 4 polygons
2026-09-10 11:56:56 +0200: Memory Usage (461524K) : metal2_mask has 0 polygons
2026-09-10 11:56:56 +0200: Memory Usage (461524K) : metal2_nofill has 0 polygons
2026-09-10 11:56:56 +0200: Memory Usage (461724K) : metal2_text has 4 polygons
2026-09-10 11:56:56 +0200: Memory Usage (461724K) : metal2_OPC has 0 polygons
2026-09-10 11:56:56 +0200: Memory Usage (461920K) : metal2_noqrc has 0 polygons
2026-09-10 11:56:56 +0200: Memory Usage (461920K) : metal2_res has 0 polygons
2026-09-10 11:56:56 +0200: Memory Usage (462180K) : metal2_iprobe has 0 polygons
2026-09-10 11:56:56 +0200: Memory Usage (462180K) : metal2_diffprb has 0 polygons
2026-09-10 11:56:56 +0200: Memory Usage (462180K) : baspoly_drw has 0 polygons
2026-09-10 11:56:56 +0200: Memory Usage (462180K) : baspoly_pin has 0 polygons
2026-09-10 11:56:56 +0200: Memory Usage (462444K) : psd_drw has 7 polygons
2026-09-10 11:56:56 +0200: Memory Usage (462444K) : nldb_drw has 0 polygons
2026-09-10 11:56:56 +0200: Memory Usage (462444K) : digibnd_drw has 0 polygons
2026-09-10 11:56:56 +0200: Memory Usage (462444K) : via1_drw has 10 polygons
2026-09-10 11:56:56 +0200: Memory Usage (462444K) : backmetal1_drw has 0 polygons
2026-09-10 11:56:56 +0200: Memory Usage (462444K) : backmetal1_pin has 0 polygons
2026-09-10 11:56:56 +0200: Memory Usage (462708K) : backmetal1_mask has 0 polygons
2026-09-10 11:56:56 +0200: Memory Usage (462708K) : backmetal1_filler has 0 polygons
2026-09-10 11:56:56 +0200: Memory Usage (462708K) : backmetal1_nofill has 0 polygons
2026-09-10 11:56:56 +0200: Memory Usage (462708K) : backmetal1_slit has 0 polygons
2026-09-10 11:56:56 +0200: Memory Usage (462708K) : backmetal1_text has 0 polygons
2026-09-10 11:56:56 +0200: Memory Usage (462708K) : backmetal1_OPC has 0 polygons
2026-09-10 11:56:56 +0200: Memory Usage (462708K) : backmetal1_noqrc has 0 polygons
2026-09-10 11:56:56 +0200: Memory Usage (462972K) : backmetal1_res has 0 polygons
2026-09-10 11:56:56 +0200: Memory Usage (462972K) : backmetal1_iprobe has 0 polygons
2026-09-10 11:56:56 +0200: Memory Usage (462972K) : backmetal1_diffprb has 0 polygons
2026-09-10 11:56:56 +0200: Memory Usage (462972K) : backpassiv_drw has 0 polygons
2026-09-10 11:56:56 +0200: Memory Usage (463236K) : res_drw has 0 polygons
2026-09-10 11:56:56 +0200: Memory Usage (463236K) : sram_drw has 0 polygons
2026-09-10 11:56:56 +0200: Memory Usage (463236K) : trans_drw has 0 polygons
2026-09-10 11:56:56 +0200: Memory Usage (463236K) : ind_drw has 0 polygons
2026-09-10 11:56:56 +0200: Memory Usage (463500K) : ind_pin has 0 polygons
2026-09-10 11:56:56 +0200: Memory Usage (463500K) : ind_text has 0 polygons
2026-09-10 11:56:56 +0200: Memory Usage (463500K) : salblock_drw has 0 polygons
2026-09-10 11:56:56 +0200: Memory Usage (463764K) : via2_drw has 0 polygons
2026-09-10 11:56:56 +0200: Memory Usage (463764K) : metal3_drw has 0 polygons
2026-09-10 11:56:56 +0200: Memory Usage (463764K) : metal3_filler has 0 polygons
2026-09-10 11:56:56 +0200: Memory Usage (463764K) : metal3_slit has 0 polygons
2026-09-10 11:56:56 +0200: Memory Usage (464028K) : metal3 has 0 polygons
2026-09-10 11:56:56 +0200: Memory Usage (464028K) : metal3_pin has 0 polygons
2026-09-10 11:56:56 +0200: Memory Usage (464028K) : metal3_mask has 0 polygons
2026-09-10 11:56:56 +0200: Memory Usage (464292K) : metal3_nofill has 0 polygons
2026-09-10 11:56:56 +0200: Memory Usage (464292K) : metal3_text has 0 polygons
2026-09-10 11:56:56 +0200: Memory Usage (464292K) : metal3_OPC has 0 polygons
2026-09-10 11:56:56 +0200: Memory Usage (464292K) : metal3_noqrc has 0 polygons
2026-09-10 11:56:56 +0200: Memory Usage (464556K) : metal3_res has 0 polygons
2026-09-10 11:56:56 +0200: Memory Usage (464556K) : metal3_iprobe has 0 polygons
2026-09-10 11:56:56 +0200: Memory Usage (464556K) : metal3_diffprb has 0 polygons
2026-09-10 11:56:56 +0200: Memory Usage (464556K) : nwell_drw has 3 polygons
2026-09-10 11:56:56 +0200: Memory Usage (464556K) : nwell_pin has 0 polygons
2026-09-10 11:56:56 +0200: Memory Usage (464556K) : nwell_text has 0 polygons
2026-09-10 11:56:56 +0200: Memory Usage (464820K) : nbulay_drw has 0 polygons
2026-09-10 11:56:56 +0200: Memory Usage (464820K) : nbulay_pin has 0 polygons
2026-09-10 11:56:56 +0200: Memory Usage (464820K) : nbulay_block has 0 polygons
2026-09-10 11:56:56 +0200: Memory Usage (464820K) : emwind_drw has 0 polygons
2026-09-10 11:56:56 +0200: Memory Usage (464820K) : emwind_OPC has 0 polygons
2026-09-10 11:56:56 +0200: Memory Usage (465084K) : deepco_drw has 0 polygons
2026-09-10 11:56:56 +0200: Memory Usage (465084K) : mim_drw has 0 polygons
2026-09-10 11:56:56 +0200: Memory Usage (465084K) : edgeseal_drw has 0 polygons
2026-09-10 11:56:56 +0200: Memory Usage (465348K) : substrate_drw has 0 polygons
2026-09-10 11:56:56 +0200: Memory Usage (465348K) : substrate_text has 0 polygons
2026-09-10 11:56:56 +0200: Memory Usage (465348K) : dfpad_drw has 0 polygons
2026-09-10 11:56:56 +0200: Memory Usage (465348K) : dfpad_pillar has 0 polygons
2026-09-10 11:56:56 +0200: Memory Usage (465612K) : dfpad_sbump has 0 polygons
2026-09-10 11:56:56 +0200: Memory Usage (465612K) : thickgateox_drw has 0 polygons
2026-09-10 11:56:56 +0200: Memory Usage (465612K) : pldb_drw has 0 polygons
2026-09-10 11:56:56 +0200: Memory Usage (465612K) : pwell_drw has 0 polygons
2026-09-10 11:56:56 +0200: Memory Usage (465876K) : pwell_pin has 0 polygons
2026-09-10 11:56:56 +0200: Memory Usage (465876K) : pwell_block has 0 polygons
2026-09-10 11:56:56 +0200: Memory Usage (465876K) : ic_drw has 0 polygons
2026-09-10 11:56:56 +0200: Memory Usage (465876K) : via3_drw has 0 polygons
2026-09-10 11:56:56 +0200: Memory Usage (466140K) : metal4_drw has 0 polygons
2026-09-10 11:56:56 +0200: Memory Usage (466140K) : metal4_filler has 0 polygons
2026-09-10 11:56:56 +0200: Memory Usage (466140K) : metal4_slit has 0 polygons
2026-09-10 11:56:56 +0200: Memory Usage (466404K) : metal4 has 0 polygons
2026-09-10 11:56:56 +0200: Memory Usage (466404K) : metal4_pin has 0 polygons
2026-09-10 11:56:56 +0200: Memory Usage (466404K) : metal4_mask has 0 polygons
2026-09-10 11:56:56 +0200: Memory Usage (466404K) : metal4_nofill has 0 polygons
2026-09-10 11:56:56 +0200: Memory Usage (466668K) : metal4_text has 0 polygons
2026-09-10 11:56:56 +0200: Memory Usage (466668K) : metal4_OPC has 0 polygons
2026-09-10 11:56:56 +0200: Memory Usage (466668K) : metal4_noqrc has 0 polygons
2026-09-10 11:56:56 +0200: Memory Usage (466668K) : metal4_res has 0 polygons
2026-09-10 11:56:56 +0200: Memory Usage (466932K) : metal4_iprobe has 0 polygons
2026-09-10 11:56:56 +0200: Memory Usage (466932K) : metal4_diffprb has 0 polygons
2026-09-10 11:56:56 +0200: Memory Usage (466932K) : heattrans_drw has 0 polygons
2026-09-10 11:56:56 +0200: Memory Usage (466932K) : heatres_drw has 0 polygons
2026-09-10 11:56:56 +0200: Memory Usage (466932K) : fbe_drw has 0 polygons
2026-09-10 11:56:56 +0200: Memory Usage (467196K) : empoly_drw has 0 polygons
2026-09-10 11:56:56 +0200: Memory Usage (467196K) : digisub_drw has 0 polygons
2026-09-10 11:56:56 +0200: Memory Usage (467196K) : text_drw has 0 polygons
2026-09-10 11:56:56 +0200: Memory Usage (467196K) : via4_drw has 0 polygons
2026-09-10 11:56:56 +0200: Memory Usage (467196K) : metal5_drw has 0 polygons
2026-09-10 11:56:56 +0200: Memory Usage (467460K) : metal5_filler has 0 polygons
2026-09-10 11:56:56 +0200: Memory Usage (467460K) : metal5_slit has 0 polygons
2026-09-10 11:56:56 +0200: Memory Usage (467724K) : metal5 has 0 polygons
2026-09-10 11:56:56 +0200: Memory Usage (467724K) : metal5_pin has 0 polygons
2026-09-10 11:56:56 +0200: Memory Usage (467724K) : metal5_mask has 0 polygons
2026-09-10 11:56:56 +0200: Memory Usage (467724K) : metal5_nofill has 0 polygons
2026-09-10 11:56:56 +0200: Memory Usage (467988K) : metal5_text has 0 polygons
2026-09-10 11:56:56 +0200: Memory Usage (467988K) : metal5_OPC has 0 polygons
2026-09-10 11:56:56 +0200: Memory Usage (467988K) : metal5_noqrc has 0 polygons
2026-09-10 11:56:56 +0200: Memory Usage (467988K) : metal5_res has 0 polygons
2026-09-10 11:56:56 +0200: Memory Usage (468252K) : metal5_iprobe has 0 polygons
2026-09-10 11:56:56 +0200: Memory Usage (468252K) : metal5_diffprb has 0 polygons
2026-09-10 11:56:56 +0200: Memory Usage (468252K) : radhard_drw has 0 polygons
2026-09-10 11:56:56 +0200: Memory Usage (468252K) : memcap_drw has 0 polygons
2026-09-10 11:56:56 +0200: Memory Usage (468516K) : varicap_drw has 0 polygons
2026-09-10 11:56:56 +0200: Memory Usage (468516K) : intbondvia_drw has 0 polygons
2026-09-10 11:56:56 +0200: Memory Usage (468516K) : intbondmet_drw has 0 polygons
2026-09-10 11:56:56 +0200: Memory Usage (468516K) : devbondvia_drw has 0 polygons
2026-09-10 11:56:56 +0200: Memory Usage (468780K) : devbondmet_drw has 0 polygons
2026-09-10 11:56:56 +0200: Memory Usage (468780K) : devtrench_drw has 0 polygons
2026-09-10 11:56:56 +0200: Memory Usage (468780K) : redist_drw has 0 polygons
2026-09-10 11:56:56 +0200: Memory Usage (468780K) : graphbot_drw has 0 polygons
2026-09-10 11:56:56 +0200: Memory Usage (469044K) : graphtop_drw has 0 polygons
2026-09-10 11:56:56 +0200: Memory Usage (469044K) : antvia1_drw has 0 polygons
2026-09-10 11:56:56 +0200: Memory Usage (469044K) : antmetal2_drw has 0 polygons
2026-09-10 11:56:56 +0200: Memory Usage (469044K) : graphcont_drw has 0 polygons
2026-09-10 11:56:56 +0200: Memory Usage (469308K) : siwg_drw has 0 polygons
2026-09-10 11:56:56 +0200: Memory Usage (469308K) : siwg_filler has 0 polygons
2026-09-10 11:56:56 +0200: Memory Usage (469308K) : siwg_nofill has 0 polygons
2026-09-10 11:56:56 +0200: Memory Usage (469308K) : sigrating_drw has 0 polygons
2026-09-10 11:56:56 +0200: Memory Usage (469308K) : singrating_drw has 0 polygons
2026-09-10 11:56:56 +0200: Memory Usage (469572K) : graphpas_drw has 0 polygons
2026-09-10 11:56:56 +0200: Memory Usage (469572K) : emwind3_drw has 0 polygons
2026-09-10 11:56:56 +0200: Memory Usage (469572K) : emwihv3_drw has 0 polygons
2026-09-10 11:56:56 +0200: Memory Usage (469572K) : redbulay_drw has 0 polygons
2026-09-10 11:56:56 +0200: Memory Usage (469836K) : smos_drw has 0 polygons
2026-09-10 11:56:56 +0200: Memory Usage (469836K) : graphpad_drw has 0 polygons
2026-09-10 11:56:56 +0200: Memory Usage (469836K) : polimide_drw has 0 polygons
2026-09-10 11:56:56 +0200: Memory Usage (469836K) : polimide_pin has 0 polygons
2026-09-10 11:56:56 +0200: Memory Usage (470100K) : recog_drw has 0 polygons
2026-09-10 11:56:56 +0200: Memory Usage (470100K) : recog_pin has 0 polygons
2026-09-10 11:56:56 +0200: Memory Usage (470100K) : recog_esd has 0 polygons
2026-09-10 11:56:56 +0200: Memory Usage (470364K) : recog_diode has 0 polygons
2026-09-10 11:56:56 +0200: Memory Usage (470364K) : recog_tsv has 0 polygons
2026-09-10 11:56:56 +0200: Memory Usage (470364K) : recog_iprobe has 0 polygons
2026-09-10 11:56:56 +0200: Memory Usage (470364K) : recog_diffprb has 0 polygons
2026-09-10 11:56:56 +0200: Memory Usage (470628K) : recog_pillar has 0 polygons
2026-09-10 11:56:56 +0200: Memory Usage (470628K) : recog_sbump has 0 polygons
2026-09-10 11:56:56 +0200: Memory Usage (470628K) : recog_otp has 0 polygons
2026-09-10 11:56:56 +0200: Memory Usage (470628K) : recog_pdiode has 0 polygons
2026-09-10 11:56:56 +0200: Memory Usage (470892K) : recog_mom has 0 polygons
2026-09-10 11:56:56 +0200: Memory Usage (470892K) : recog_momf has 0 polygons
2026-09-10 11:56:56 +0200: Memory Usage (470892K) : recog_pcm has 0 polygons
2026-09-10 11:56:56 +0200: Memory Usage (470892K) : colopen_drw has 0 polygons
2026-09-10 11:56:56 +0200: Memory Usage (471156K) : graphmetal1_drw has 0 polygons
2026-09-10 11:56:56 +0200: Memory Usage (471156K) : graphmetal1_filler has 0 polygons
2026-09-10 11:56:56 +0200: Memory Usage (471156K) : graphmetal1_nofill has 0 polygons
2026-09-10 11:56:56 +0200: Memory Usage (471156K) : graphmetal1_slit has 0 polygons
2026-09-10 11:56:56 +0200: Memory Usage (471420K) : graphmetal1_OPC has 0 polygons
2026-09-10 11:56:56 +0200: Memory Usage (471420K) : graphmet1l_drw has 0 polygons
2026-09-10 11:56:56 +0200: Memory Usage (471420K) : graphmet1l_filler has 0 polygons
2026-09-10 11:56:56 +0200: Memory Usage (471420K) : graphmet1l_nofill has 0 polygons
2026-09-10 11:56:56 +0200: Memory Usage (471420K) : graphmet1l_slit has 0 polygons
2026-09-10 11:56:56 +0200: Memory Usage (471420K) : graphmet1l_OPC has 0 polygons
2026-09-10 11:56:56 +0200: Memory Usage (471420K) : extblock_drw has 0 polygons
2026-09-10 11:56:56 +0200: Memory Usage (471684K) : nldd_drw has 0 polygons
2026-09-10 11:56:56 +0200: Memory Usage (471684K) : pldd_drw has 0 polygons
2026-09-10 11:56:56 +0200: Memory Usage (471684K) : next_drw has 0 polygons
2026-09-10 11:56:56 +0200: Memory Usage (471684K) : pext_drw has 0 polygons
2026-09-10 11:56:56 +0200: Memory Usage (471684K) : nexthv_drw has 0 polygons
2026-09-10 11:56:56 +0200: Memory Usage (471684K) : pexthv_drw has 0 polygons
2026-09-10 11:56:56 +0200: Memory Usage (471684K) : graphgate_drw has 0 polygons
2026-09-10 11:56:56 +0200: Memory Usage (471684K) : sinwg_drw has 0 polygons
2026-09-10 11:56:56 +0200: Memory Usage (471684K) : sinwg_filler has 0 polygons
2026-09-10 11:56:56 +0200: Memory Usage (471684K) : sinwg_nofill has 0 polygons
2026-09-10 11:56:56 +0200: Memory Usage (471684K) : mempad_drw has 0 polygons
2026-09-10 11:56:56 +0200: Memory Usage (471684K) : topvia1_drw has 0 polygons
2026-09-10 11:56:56 +0200: Memory Usage (471684K) : topmetal1_drw has 0 polygons
2026-09-10 11:56:56 +0200: Memory Usage (471684K) : topmetal1_filler has 0 polygons
2026-09-10 11:56:56 +0200: Memory Usage (471684K) : topmetal1_slit has 0 polygons
2026-09-10 11:56:56 +0200: Memory Usage (471684K) : topmetal1 has 0 polygons
2026-09-10 11:56:56 +0200: Memory Usage (471684K) : topmetal1_pin has 0 polygons
2026-09-10 11:56:56 +0200: Memory Usage (471684K) : topmetal1_mask has 0 polygons
2026-09-10 11:56:56 +0200: Memory Usage (471684K) : topmetal1_nofill has 0 polygons
2026-09-10 11:56:56 +0200: Memory Usage (471684K) : topmetal1_text has 0 polygons
2026-09-10 11:56:56 +0200: Memory Usage (471684K) : topmetal1_noqrc has 0 polygons
2026-09-10 11:56:56 +0200: Memory Usage (471684K) : topmetal1_res has 0 polygons
2026-09-10 11:56:56 +0200: Memory Usage (471684K) : topmetal1_iprobe has 0 polygons
2026-09-10 11:56:56 +0200: Memory Usage (471684K) : topmetal1_diffprb has 0 polygons
2026-09-10 11:56:56 +0200: Memory Usage (471684K) : inldpwl_drw has 0 polygons
2026-09-10 11:56:56 +0200: Memory Usage (471684K) : polyres_drw has 0 polygons
2026-09-10 11:56:56 +0200: Memory Usage (471684K) : polyres_pin has 0 polygons
2026-09-10 11:56:56 +0200: Memory Usage (471684K) : vmim_drw has 0 polygons
2026-09-10 11:56:56 +0200: Memory Usage (471684K) : nbulaycut_drw has 0 polygons
2026-09-10 11:56:56 +0200: Memory Usage (471684K) : antmetal1_drw has 0 polygons
2026-09-10 11:56:56 +0200: Memory Usage (471684K) : topvia2_drw has 0 polygons
2026-09-10 11:56:56 +0200: Memory Usage (471684K) : topmetal2_drw has 0 polygons
2026-09-10 11:56:56 +0200: Memory Usage (471684K) : topmetal2_filler has 0 polygons
2026-09-10 11:56:56 +0200: Memory Usage (471684K) : topmetal2_slit has 0 polygons
2026-09-10 11:56:56 +0200: Memory Usage (471684K) : topmetal2 has 0 polygons
2026-09-10 11:56:56 +0200: Memory Usage (471684K) : topmetal2_pin has 0 polygons
2026-09-10 11:56:56 +0200: Memory Usage (471684K) : topmetal2_mask has 0 polygons
2026-09-10 11:56:56 +0200: Memory Usage (471684K) : topmetal2_nofill has 0 polygons
2026-09-10 11:56:56 +0200: Memory Usage (471684K) : topmetal2_text has 0 polygons
2026-09-10 11:56:56 +0200: Memory Usage (471684K) : topmetal2_noqrc has 0 polygons
2026-09-10 11:56:56 +0200: Memory Usage (471684K) : topmetal2_res has 0 polygons
2026-09-10 11:56:56 +0200: Memory Usage (471684K) : topmetal2_iprobe has 0 polygons
2026-09-10 11:56:56 +0200: Memory Usage (471684K) : topmetal2_diffprb has 0 polygons
2026-09-10 11:56:56 +0200: Memory Usage (471684K) : snsring_drw has 0 polygons
2026-09-10 11:56:56 +0200: Memory Usage (471684K) : sensor_drw has 0 polygons
2026-09-10 11:56:56 +0200: Memory Usage (471684K) : snsarms_drw has 0 polygons
2026-09-10 11:56:56 +0200: Memory Usage (471684K) : snscmosvia_drw has 0 polygons
2026-09-10 11:56:56 +0200: Memory Usage (471684K) : colwind_drw has 0 polygons
2026-09-10 11:56:56 +0200: Memory Usage (471684K) : flm_drw has 0 polygons
2026-09-10 11:56:56 +0200: Memory Usage (471684K) : hafniumox_drw has 0 polygons
2026-09-10 11:56:56 +0200: Memory Usage (471684K) : memvia_drw has 0 polygons
2026-09-10 11:56:56 +0200: Memory Usage (471684K) : thinfilmres_drw has 0 polygons
2026-09-10 11:56:56 +0200: Memory Usage (471684K) : rfmem_drw has 0 polygons
2026-09-10 11:56:56 +0200: Memory Usage (471684K) : norcx_drw has 0 polygons
2026-09-10 11:56:56 +0200: Memory Usage (471684K) : norcx_m2m3 has 0 polygons
2026-09-10 11:56:56 +0200: Memory Usage (471684K) : norcx_m2m4 has 0 polygons
2026-09-10 11:56:56 +0200: Memory Usage (471684K) : norcx_m2m5 has 0 polygons
2026-09-10 11:56:56 +0200: Memory Usage (471684K) : norcx_m2tm1 has 0 polygons
2026-09-10 11:56:56 +0200: Memory Usage (471684K) : norcx_m2tm2 has 0 polygons
2026-09-10 11:56:56 +0200: Memory Usage (471684K) : norcx_m3m4 has 0 polygons
2026-09-10 11:56:56 +0200: Memory Usage (471684K) : norcx_m3m5 has 0 polygons
2026-09-10 11:56:56 +0200: Memory Usage (471684K) : norcx_m3tm1 has 0 polygons
2026-09-10 11:56:56 +0200: Memory Usage (471684K) : norcx_m3tm2 has 0 polygons
2026-09-10 11:56:56 +0200: Memory Usage (471684K) : norcx_m4m5 has 0 polygons
2026-09-10 11:56:56 +0200: Memory Usage (471684K) : norcx_m4tm1 has 0 polygons
2026-09-10 11:56:56 +0200: Memory Usage (471684K) : norcx_m4tm2 has 0 polygons
2026-09-10 11:56:56 +0200: Memory Usage (471684K) : norcx_m5tm1 has 0 polygons
2026-09-10 11:56:56 +0200: Memory Usage (471684K) : norcx_m5tm2 has 0 polygons
2026-09-10 11:56:56 +0200: Memory Usage (471684K) : norcx_tm1tm2 has 0 polygons
2026-09-10 11:56:56 +0200: Memory Usage (471684K) : norcx_m1sub has 0 polygons
2026-09-10 11:56:56 +0200: Memory Usage (471684K) : norcx_m2sub has 0 polygons
2026-09-10 11:56:56 +0200: Memory Usage (471684K) : norcx_m3sub has 0 polygons
2026-09-10 11:56:56 +0200: Memory Usage (471684K) : norcx_m4sub has 0 polygons
2026-09-10 11:56:56 +0200: Memory Usage (471684K) : norcx_m5sub has 0 polygons
2026-09-10 11:56:56 +0200: Memory Usage (471684K) : norcx_tm1sub has 0 polygons
2026-09-10 11:56:56 +0200: Memory Usage (471684K) : norcx_tm2sub has 0 polygons
2026-09-10 11:56:56 +0200: Memory Usage (471684K) : snsbotvia_drw has 0 polygons
2026-09-10 11:56:56 +0200: Memory Usage (471684K) : snstopvia_drw has 0 polygons
2026-09-10 11:56:56 +0200: Memory Usage (471684K) : deepvia_drw has 0 polygons
2026-09-10 11:56:56 +0200: Memory Usage (471684K) : fgetch_drw has 0 polygons
2026-09-10 11:56:56 +0200: Memory Usage (471684K) : ctrgat_drw has 0 polygons
2026-09-10 11:56:56 +0200: Memory Usage (471684K) : fgimp_drw has 0 polygons
2026-09-10 11:56:56 +0200: Memory Usage (471684K) : emwihv_drw has 0 polygons
2026-09-10 11:56:56 +0200: Memory Usage (471684K) : lbe_drw has 0 polygons
2026-09-10 11:56:56 +0200: Memory Usage (471684K) : alcustop_drw has 0 polygons
2026-09-10 11:56:56 +0200: Memory Usage (471684K) : nometfiller_drw has 0 polygons
2026-09-10 11:56:56 +0200: Memory Usage (471684K) : prboundary_drw has 0 polygons
2026-09-10 11:56:56 +0200: Memory Usage (471684K) : exchange0_drw has 0 polygons
2026-09-10 11:56:56 +0200: Memory Usage (471684K) : exchange0_pin has 0 polygons
2026-09-10 11:56:56 +0200: Memory Usage (471684K) : exchange0_text has 0 polygons
2026-09-10 11:56:56 +0200: Memory Usage (471684K) : exchange1_drw has 0 polygons
2026-09-10 11:56:56 +0200: Memory Usage (471684K) : exchange1_pin has 0 polygons
2026-09-10 11:56:56 +0200: Memory Usage (471684K) : exchange1_text has 0 polygons
2026-09-10 11:56:56 +0200: Memory Usage (471684K) : exchange2_drw has 0 polygons
2026-09-10 11:56:56 +0200: Memory Usage (471684K) : exchange2_pin has 0 polygons
2026-09-10 11:56:56 +0200: Memory Usage (471684K) : exchange2_text has 0 polygons
2026-09-10 11:56:56 +0200: Memory Usage (471684K) : exchange3_drw has 0 polygons
2026-09-10 11:56:56 +0200: Memory Usage (471684K) : exchange3_pin has 0 polygons
2026-09-10 11:56:56 +0200: Memory Usage (471684K) : exchange3_text has 0 polygons
2026-09-10 11:56:56 +0200: Memory Usage (471684K) : exchange4_drw has 0 polygons
2026-09-10 11:56:56 +0200: Memory Usage (471684K) : exchange4_pin has 0 polygons
2026-09-10 11:56:56 +0200: Memory Usage (471684K) : exchange4_text has 0 polygons
2026-09-10 11:56:56 +0200: Memory Usage (471684K) : isonwell_drw has 0 polygons
2026-09-10 11:56:56 +0200: Memory Usage (471684K) : Total no. of polygons in the design is 651
2026-09-10 11:56:56 +0200: Memory Usage (471684K) : Starting base layers derivations
2026-09-10 11:56:56 +0200: Memory Usage (471684K) : Starting general LVS derivations
2026-09-10 11:56:56 +0200: Memory Usage (474068K) : Starting MOSFET DERIVATIONS
2026-09-10 11:56:56 +0200: Memory Usage (474204K) : Starting NMOS DERIVATIONS
2026-09-10 11:56:56 +0200: Memory Usage (476336K) : Starting PMOS DERIVATIONS
2026-09-10 11:56:56 +0200: Memory Usage (476600K) : Starting RF-MOSFET DERIVATIONS
2026-09-10 11:56:56 +0200: Memory Usage (476600K) : Starting RF-NMOS DERIVATIONS
2026-09-10 11:56:56 +0200: Memory Usage (476864K) : Starting RF-PMOS DERIVATIONS
2026-09-10 11:56:56 +0200: Memory Usage (477128K) : Starting BJT DERIVATIONS
2026-09-10 11:56:56 +0200: Memory Usage (477128K) : Starting NPN-BJT DERIVATIONS
2026-09-10 11:56:56 +0200: Memory Usage (482144K) : Starting PNP-BJT DERIVATIONS
2026-09-10 11:56:56 +0200: Memory Usage (483200K) : Starting DIODE DERIVATIONS
2026-09-10 11:56:56 +0200: Memory Usage (486112K) : Starting RESISTOR DERIVATIONS
2026-09-10 11:56:56 +0200: Memory Usage (486904K) : Starting CAP DERIVATIONS
2026-09-10 11:56:57 +0200: Memory Usage (486904K) : Starting CAP_CMOM DERIVATIONS
2026-09-10 11:56:57 +0200: Memory Usage (486904K) : Starting CAP_CMOMF DERIVATIONS
2026-09-10 11:56:57 +0200: Memory Usage (486904K) : Starting ESD DERIVATIONS
2026-09-10 11:56:57 +0200: Memory Usage (486908K) : Starting Inductor DERIVATIONS
2026-09-10 11:56:57 +0200: Memory Usage (486908K) : Starting Taps DERIVATIONS
2026-09-10 11:56:57 +0200: Memory Usage (486908K) : Starting SG13G2 LVS connectivity setup
2026-09-10 11:56:57 +0200: Memory Usage (486908K) : Starting SG13G2 LVS connectivity setup (Inter-layer)
2026-09-10 11:56:57 +0200: Memory Usage (486908K) : Starting SG13G2 LVS connectivity setup (Global)
2026-09-10 11:56:57 +0200: Memory Usage (486908K) : Starting LVS MOSFET CONNECTIONS
2026-09-10 11:56:57 +0200: Memory Usage (486908K) : Starting LVS RF-MOSFET CONNECTIONS
2026-09-10 11:56:57 +0200: Memory Usage (486908K) : Starting LVS BJT CONNECTIONS
2026-09-10 11:56:57 +0200: Memory Usage (486908K) : Starting LVS DIODE CONNECTIONS
2026-09-10 11:56:57 +0200: Memory Usage (486908K) : Starting RESISTOR CONNECTIONS
2026-09-10 11:56:57 +0200: Memory Usage (486908K) : Starting LVS CAP CONNECTIONS
2026-09-10 11:56:57 +0200: Memory Usage (486908K) : Starting CAP_CMOM CONNECTIONS
2026-09-10 11:56:57 +0200: Memory Usage (486908K) : Starting CAP_CMOMF CONNECTIONS
2026-09-10 11:56:57 +0200: Memory Usage (486908K) : Starting ESD CONNECTIONS
2026-09-10 11:56:57 +0200: Memory Usage (486908K) : Starting Inductor CONNECTIONS
2026-09-10 11:56:57 +0200: Memory Usage (486908K) : Starting LVS Taps CONNECTIONS
2026-09-10 11:56:57 +0200: Memory Usage (486908K) : Starting SG13G2 LVS DEVICES EXTRACTION
2026-09-10 11:56:57 +0200: Memory Usage (486908K) : Starting MOSFET EXTRACTION
2026-09-10 11:56:57 +0200: Memory Usage (486908K) : Starting NMOS EXTRACTION
2026-09-10 11:56:57 +0200: Memory Usage (486908K) : Extraction of NMOS-LV transistor
2026-09-10 11:56:57 +0200: Memory Usage (486908K) : Extraction of NMOS-HV transistor
2026-09-10 11:56:57 +0200: Memory Usage (486908K) : Starting PMOS EXTRACTION
2026-09-10 11:56:57 +0200: Memory Usage (486908K) : Extraction of PMOS-LV transistor
2026-09-10 11:56:57 +0200: Memory Usage (486908K) : Extraction of PMOS-HV transistor
2026-09-10 11:56:57 +0200: Memory Usage (486908K) : Starting RF-MOSFET EXTRACTION
2026-09-10 11:56:57 +0200: Memory Usage (486908K) : Extraction of RF-NMOS-LV transistor
2026-09-10 11:56:57 +0200: Memory Usage (486908K) : Extraction of RF-NMOS-HV transistor
2026-09-10 11:56:57 +0200: Memory Usage (486908K) : Extraction of RF-PMOS-LV transistor
2026-09-10 11:56:57 +0200: Memory Usage (486908K) : Extraction of RF-PMOS-HV transistor
2026-09-10 11:56:57 +0200: Memory Usage (486908K) : Starting BJT EXTRACTION
2026-09-10 11:56:57 +0200: Memory Usage (486908K) : Starting NPN-BJT EXTRACTION
2026-09-10 11:56:57 +0200: Memory Usage (486908K) : Extraction of npn13G2 BJT transistor
2026-09-10 11:56:57 +0200: Memory Usage (486908K) : Extraction of npn13G2L BJT transistor
2026-09-10 11:56:57 +0200: Memory Usage (486908K) : Extraction of npn13G2V BJT transistor
2026-09-10 11:56:57 +0200: Memory Usage (486908K) : Starting PNP-BJT EXTRACTION
2026-09-10 11:56:57 +0200: Memory Usage (486908K) : Extracting pnpMPA BJT
2026-09-10 11:56:57 +0200: Memory Usage (486908K) : Starting DIODE EXTRACTION
2026-09-10 11:56:57 +0200: Memory Usage (486908K) : Extracting dantenna diode
2026-09-10 11:56:57 +0200: Memory Usage (486908K) : Extracting dpantenna diode
2026-09-10 11:56:57 +0200: Memory Usage (486908K) : Extracting schottky_nbl1 diode
2026-09-10 11:56:57 +0200: Memory Usage (486908K) : Extracting isolbox diode
2026-09-10 11:56:57 +0200: Memory Usage (486908K) : Starting RESISTOR EXTRACTION
2026-09-10 11:56:57 +0200: Memory Usage (486908K) : Extracting rsil resistor
2026-09-10 11:56:57 +0200: Memory Usage (486908K) : Extracting rppd resistor
2026-09-10 11:56:57 +0200: Memory Usage (486908K) : Extracting rhigh resistor
2026-09-10 11:56:57 +0200: Memory Usage (486908K) : Extracting res_metal1 resistor
2026-09-10 11:56:57 +0200: Memory Usage (486908K) : Extracting res_metal2 resistor
2026-09-10 11:56:57 +0200: Memory Usage (486908K) : Extracting res_metal3 resistor
2026-09-10 11:56:57 +0200: Memory Usage (486908K) : Extracting res_metal4 resistor
2026-09-10 11:56:57 +0200: Memory Usage (486908K) : Extracting res_metal5 resistor
2026-09-10 11:56:57 +0200: Memory Usage (486908K) : Extracting res_topmetal1 resistor
2026-09-10 11:56:57 +0200: Memory Usage (486908K) : Extracting res_topmetal2 resistor
2026-09-10 11:56:57 +0200: Memory Usage (486908K) : Starting CAP EXTRACTION
2026-09-10 11:56:57 +0200: Memory Usage (486908K) : Extracting cap_cmim device
2026-09-10 11:56:57 +0200: Memory Usage (486908K) : Extracting rfcmim device
2026-09-10 11:56:57 +0200: Memory Usage (486908K) : Extracting sg13_hv_svaricap varactor
2026-09-10 11:56:57 +0200: Memory Usage (486908K) : Extracting cap_cmomi device
2026-09-10 11:56:57 +0200: Memory Usage (486908K) : Extracting cap_cmomf device
2026-09-10 11:56:57 +0200: Memory Usage (486908K) : Extracting sg13_moscap_n capacitor
2026-09-10 11:56:57 +0200: Memory Usage (486908K) : Extracting sg13_moscap_p capacitor
2026-09-10 11:56:57 +0200: Memory Usage (486908K) : Starting ESD EXTRACTION
2026-09-10 11:56:57 +0200: Memory Usage (486908K) : Extracting diodevdd_2kv ESD device
2026-09-10 11:56:57 +0200: Memory Usage (486908K) : Extracting diodevdd_4kv ESD device
2026-09-10 11:56:57 +0200: Memory Usage (486908K) : Extracting diodevss_2kv ESD device
2026-09-10 11:56:57 +0200: Memory Usage (486908K) : Extracting diodevss_4kv ESD device
2026-09-10 11:56:57 +0200: Memory Usage (486908K) : Extracting idiodevdd_2kv ESD device
2026-09-10 11:56:57 +0200: Memory Usage (486908K) : Extracting idiodevdd_4kv ESD device
2026-09-10 11:56:57 +0200: Memory Usage (486908K) : Extracting idiodevss_2kv ESD device
2026-09-10 11:56:57 +0200: Memory Usage (486908K) : Extracting idiodevss_4kv ESD device
2026-09-10 11:56:57 +0200: Memory Usage (486908K) : Extracting nmoscl_2 ESD device
2026-09-10 11:56:57 +0200: Memory Usage (486908K) : Extracting nmoscl_4 ESD device
2026-09-10 11:56:57 +0200: Memory Usage (486908K) : Starting Inductor EXTRACTION
2026-09-10 11:56:57 +0200: Memory Usage (486908K) : Extracting Inductor2 device
2026-09-10 11:56:57 +0200: Memory Usage (486908K) : Extracting Inductor3 device
2026-09-10 11:56:57 +0200: Memory Usage (486908K) : Starting Taps EXTRACTION
2026-09-10 11:56:57 +0200: Memory Usage (486908K) : Extracting ntap1 device
2026-09-10 11:56:57 +0200: Memory Usage (486908K) : Extracting ptap1 device
2026-09-10 11:56:57 +0200: Memory Usage (486908K) : Starting SG13G2 LVS RF MOS Model Mapping
2026-09-10 11:56:57 +0200: Memory Usage (486908K) : [layout_netlist] Apply RF MOS model mapping and rfmode parameter.
2026-09-10 11:56:57 +0200: Memory Usage (486908K) : Starting SG13G2 LVS Options Preparations
2026-09-10 11:56:57 +0200: Memory Usage (486908K) : SG13G2 LVS flow: extraction -> alignment -> option preparation -> comparison.
2026-09-10 11:56:57 +0200: Memory Usage (486908K) : Starting SG13G2 LVS Alignment
2026-09-10 11:56:57 +0200: Memory Usage (486908K) : Starting SG13G2 LVS Simplification
2026-09-10 11:56:57 +0200: Memory Usage (486908K) : [layout_netlist] simplify: ENABLED
2026-09-10 11:56:57 +0200: Memory Usage (486908K) : [layout_netlist] make_top_level_pins: SKIPPED
2026-09-10 11:56:57 +0200: Memory Usage (486908K) : [layout_netlist] combine_devices: SKIPPED
2026-09-10 11:56:57 +0200: Memory Usage (486908K) : [layout_netlist] purge: SKIPPED
2026-09-10 11:56:57 +0200: Memory Usage (486908K) : [layout_netlist] purge_nets: SKIPPED
2026-09-10 11:56:57 +0200: Memory Usage (486908K) : [schematic_netlist] simplify: ENABLED
2026-09-10 11:56:57 +0200: Memory Usage (486908K) : [schematic_netlist] make_top_level_pins: SKIPPED
2026-09-10 11:56:57 +0200: Memory Usage (486908K) : [schematic_netlist] combine_devices: SKIPPED
2026-09-10 11:56:57 +0200: Memory Usage (486908K) : [schematic_netlist] purge: SKIPPED
2026-09-10 11:56:57 +0200: Memory Usage (486908K) : [schematic_netlist] purge_nets: SKIPPED
2026-09-10 11:56:57 +0200: Memory Usage (486908K) : Starting SG13G2 LVS Comparison
2026-09-10 11:56:57 +0200: Memory Usage (486908K) : ==========================================
2026-09-10 11:56:57 +0200: Memory Usage (486908K) : INFO : Congratulations! Netlists match.
2026-09-10 11:56:57 +0200: Memory Usage (486908K) : ==========================================
2026-09-10 11:56:57 +0200: Memory Usage (486908K) : LVS Total Run time 1.636744 seconds
